# Install Karma:
$ npm install karma --save-dev

# Install plugins that your project needs:
$ npm install karma-jasmine karma-chrome-launcher --save-dev
$ npm install -g karma-cli
-"karma init" for config file


$ npm install -g istanbul
$ karma start karma.conf.js

$ istanbul cover ./node_modules/jasmine-node/bin/jasmine-node components/Test.spec.js
$ C:\Users\ekinca\Desktop\AJS2\client>istanbul cover ./node_modules/jasmine-node/bin/jasmine-node components/Test.spec.js --dir ./components/istanbul


Pink: statement not covered
Orange: function not covered
Yellow: branch not covered
[I] and [E] in front of if-else statements: if or else not covered respectively
Branch coverage display only kicks in if one or more but not all branches have been taken (if none of the branches were taken the statement coverage will show you that unambiguously)

// Karma configuration
// Generated on Fri Dec 11 2015 13:57:21 GMT+0200 (GTB Standard Time)

module.exports = function(config) {
  config.set({

    // base path that will be used to resolve all patterns (eg. files, exclude)
    basePath: '',


    // frameworks to use
    // available frameworks: https://npmjs.org/browse/keyword/karma-adapter
    frameworks: ['jasmine','browserify'],


    // list of files / patterns to load in the browser
    files: [
      'components/*spec.js'
    ],

    plugins : [
      'karma-chrome-launcher',
      'karma-jasmine',
      'karma-browserify',
      'karma-coverage'
    ],

    // list of files to exclude
    exclude: [
    ],


    // preprocess matching files before serving them to the browser
    // available preprocessors: https://npmjs.org/browse/keyword/karma-preprocessor
    preprocessors: {
      'components/*spec.js': ['coverage','browserify']
    },

    coverageReporter: {
      type : 'html',
      dir : 'components/coverage/'
    },
    // test results reporter to use
    // possible values: 'dots', 'progress'
    // available reporters: https://npmjs.org/browse/keyword/karma-reporter
    reporters: ['progress','coverage'],


    // web server port
    port: 9876,


    // enable / disable colors in the output (reporters and logs)
    colors: true,


    // level of logging
    // possible values: config.LOG_DISABLE || config.LOG_ERROR || config.LOG_WARN || config.LOG_INFO || config.LOG_DEBUG
    logLevel: config.LOG_DEBUG,


    // enable / disable watching file and executing tests whenever any file changes
    autoWatch: true,


    // start these browsers
    // available browser launchers: https://npmjs.org/browse/keyword/karma-launcher
    browsers: ['Chrome'],


    // Continuous Integration mode
    // if true, Karma captures browsers, runs the tests and exits
    singleRun: false,

    // Concurrency level
    // how many browser should be started simultanous
    concurrency: Infinity
  })
}

